
> casano-monorepo@1.0.0 build
> npm run build --workspaces --if-present


> @casano/frontend@1.0.0 build
> next build

   ▲ Next.js 15.5.12

   Creating an optimized production build ...
Failed to compile.

./src/components/Header.tsx
Error:   [31mx[0m Expression expected
    ,-[[36;1;4mC:\Users\HP\jatphatt\apps\frontend\src\components\Header.tsx[0m:24:1]
 [2m21[0m | 
 [2m22[0m |   useEffect(() => {
 [2m23[0m |     if (isDarkMode) {
 [2m24[0m |       document.documentElement.classList.add(&quot;dark&quot;);
    : [35;1m                                             ^[0m
 [2m25[0m |     } else {
 [2m26[0m |       document.documentElement.classList.remove(&quot;dark&quot;);
 [2m27[0m |     }
    `----
  [31mx[0m Expected ',', got ';'
    ,-[[36;1;4mC:\Users\HP\jatphatt\apps\frontend\src\components\Header.tsx[0m:24:1]
 [2m21[0m | 
 [2m22[0m |   useEffect(() => {
 [2m23[0m |     if (isDarkMode) {
 [2m24[0m |       document.documentElement.classList.add(&quot;dark&quot;);
    : [35;1m                                                  ^[0m
 [2m25[0m |     } else {
 [2m26[0m |       document.documentElement.classList.remove(&quot;dark&quot;);
 [2m27[0m |     }
    `----

Caused by:
    Syntax Error

Import trace for requested module:
./src/components/Header.tsx
./src/components/CategoryPageTemplate.tsx

./src/components/LocationModal.tsx
Error:   [31mx[0m Expression expected
    ,-[[36;1;4mC:\Users\HP\jatphatt\apps\frontend\src\components\LocationModal.tsx[0m:18:1]
 [2m15[0m |     } else {
 [2m16[0m |       document.body.style.overflow = 'unset';
 [2m17[0m |     }
 [2m18[0m |     return () => { document.body.style.overflow = &apos;unset&apos;; };
    : [35;1m                                                  ^[0m
 [2m19[0m |   }, [isOpen]);
 [2m20[0m | 
 [2m21[0m |   if (!isOpen) return null;
    `----

Caused by:
    Syntax Error

Import trace for requested module:
./src/components/LocationModal.tsx
./src/app/account/addresses/page.tsx

./src/components/ProductDetailsModal.tsx
Error:   [31mx[0m Expression expected
    ,-[[36;1;4mC:\Users\HP\jatphatt\apps\frontend\src\components\ProductDetailsModal.tsx[0m:30:1]
 [2m27[0m |     } else {
 [2m28[0m |       document.body.style.overflow = 'unset';
 [2m29[0m |     }
 [2m30[0m |     return () => { document.body.style.overflow = &apos;unset&apos;; };
    : [35;1m                                                  ^[0m
 [2m31[0m |   }, [isOpen]);
 [2m32[0m | 
 [2m33[0m |   if (!isOpen || !product) return null;
    `----

Caused by:
    Syntax Error

Import trace for requested module:
./src/components/ProductDetailsModal.tsx
./src/components/ProductCard.tsx
./src/app/category/pharmacy/page.tsx

./src/app/account/layout.tsx
Error:   [31mx[0m Expression expected
    ,-[[36;1;4mC:\Users\HP\jatphatt\apps\frontend\src\app\account\layout.tsx[0m:22:1]
 [2m19[0m | 
 [2m20[0m |   const handleLogout = () => {
 [2m21[0m |     logout();
 [2m22[0m |     router.push(&apos;/&apos;);
    : [35;1m                ^[0m
 [2m23[0m |   };
 [2m24[0m | 
 [2m25[0m |   return (
    `----
  [31mx[0m Expected ',', got ';'
    ,-[[36;1;4mC:\Users\HP\jatphatt\apps\frontend\src\app\account\layout.tsx[0m:22:1]
 [2m19[0m | 
 [2m20[0m |   const handleLogout = () => {
 [2m21[0m |     logout();
 [2m22[0m |     router.push(&apos;/&apos;);
    : [35;1m                     ^[0m
 [2m23[0m |   };
 [2m24[0m | 
 [2m25[0m |   return (
    `----

Caused by:
    Syntax Error

Import trace for requested module:
./src/app/account/layout.tsx

./src/app/account/orders/page.tsx
Error:   [31mx[0m Expression expected
    ,-[[36;1;4mC:\Users\HP\jatphatt\apps\frontend\src\app\account\orders\page.tsx[0m:95:1]
 [2m92[0m |                     ? 'bg-[#19c74a]/10 text-[#19c74a]' 
 [2m93[0m |                     : 'bg-red-50 text-red-600 dark:bg-red-900/20 dark:text-red-400'
 [2m94[0m |                 }`}>
 [2m95[0m |                   {order.status === &apos;Delivered&apos; ? <CheckCircle2 className="w-4 h-4" /> : <XCircle className="w-4 h-4" />}
    : [35;1m                                    ^[0m
 [2m96[0m |                   {order.status}
 [2m97[0m |                 </div>
 [2m98[0m |               </div>
    `----
  [31mx[0m Expected '</', got ';'
    ,-[[36;1;4mC:\Users\HP\jatphatt\apps\frontend\src\app\account\orders\page.tsx[0m:95:1]
 [2m92[0m |                     ? 'bg-[#19c74a]/10 text-[#19c74a]' 
 [2m93[0m |                     : 'bg-red-50 text-red-600 dark:bg-red-900/20 dark:text-red-400'
 [2m94[0m |                 }`}>
 [2m95[0m |                   {order.status === &apos;Delivered&apos; ? <CheckCircle2 className="w-4 h-4" /> : <XCircle className="w-4 h-4" />}
    : [35;1m                                         ^[0m
 [2m96[0m |                   {order.status}
 [2m97[0m |                 </div>
 [2m98[0m |               </div>
    `----

Caused by:
    Syntax Error

Import trace for requested module:
./src/app/account/orders/page.tsx


> Build failed because of webpack errors
npm error Lifecycle script `build` failed with error:
npm error code 1
npm error path C:\Users\HP\jatphatt\apps\frontend
npm error workspace @casano/frontend@1.0.0
npm error location C:\Users\HP\jatphatt\apps\frontend
npm error command failed
npm error command C:\WINDOWS\system32\cmd.exe /d /s /c next build

